[sweep.city/index.html]
[backblue.gif]
[fade.gif]
[index.html]
[sweep.city/wp-content/plugins/contact-form-7/includes/css/stylesce52.css]
[sweep.city/wp-content/plugins/revslider/public/assets/css/settings23da.css]
[sweep.city/wp-content/themes/sceon/style5010.css]
[sweep.city/wp-content/themes/sceon/assets/css/modules.min5010.css]
[sweep.city/feed/index.html]
[sweep.city/wp-content/themes/sceon/assets/css/font-awesome/css/font-awesome.min5010.css]
[sweep.city/wp-content/themes/sceon/assets/css/elegant-icons/style.min5010.css]
[sweep.city/comments/feed/index.html]
[sweep.city/wp-content/themes/sceon/assets/css/ion-icons/css/ionicons.min5010.css]
[sweep.city/wp-content/themes/sceon/assets/css/linea-icons/style5010.css]
[sweep.city/wp-content/themes/sceon/assets/css/linear-icons/style5010.css]
[sweep.city/wp-content/themes/sceon/assets/css/simple-line-icons/simple-line-icons5010.css]
[sweep.city/wp-content/themes/sceon/assets/css/dripicons/dripicons5010.css]
[sweep.city/wp-content/themes/sceon/assets/css/material-icons/style5010.css]
[sweep.city/wp-includes/js/mediaelement/mediaelementplayer-legacy.min45a0.css]
[sweep.city/wp-includes/js/mediaelement/wp-mediaelement.min5010.css]
[sweep.city/wp-content/themes/sceon/assets/css/style_dynamic2c10.css]
[sweep.city/wp-content/themes/sceon/assets/css/modules-responsive.min5010.css]
[sweep.city/wp-content/themes/sceon/assets/css/style_dynamic_responsive2c10.css]
[sweep.city/wp-content/plugins/js_composer/assets/css/js_composer.min8b06.css]
[sweep.city/wp-includes/js/jquery/jqueryb8ff.js]
[sweep.city/wp-includes/js/jquery/jquery-migrate.min330a.js]
[sweep.city/wp-content/plugins/revslider/public/assets/js/jquery.themepunch.tools.min23da.js]
[sweep.city/wp-content/plugins/revslider/public/assets/js/jquery.themepunch.revolution.min23da.js]
[sweep.city/wp-includes/js/mediaelement/mediaelement-and-player.min45a0.js]
[sweep.city/wp-includes/js/mediaelement/mediaelement-migrate.min5010.js]
[sweep.city/wp-json/index.html]
[sweep.city/xmlrpc0db0.php]
[sweep.city/wp-includes/wlwmanifest.xml]
[sweep.city/wp-json/oembed/1.0/embedfd1a.json]
[sweep.city/wp-json/oembed/1.0/embed44ef]
[sweep.city/wp-content/uploads/2018/04/cropped-logo_sweep_seul_192-32x32.png]
[sweep.city/wp-content/uploads/2018/04/cropped-logo_sweep_seul_192-192x192.png]
[sweep.city/wp-content/uploads/2018/04/cropped-logo_sweep_seul_192-180x180.png]
[sweep.city/wp-content/uploads/2018/05/sweep_dark.png]
[sweep.city/wp-content/uploads/2018/04/logo-base-line.png]
[sweep.city/wp-content/uploads/2018/05/Sans-titre-1.png]
[sweep.city/wp-content/uploads/2018/04/good-picture-2-.jpg]
[sweep.city/wp-content/uploads/2018/04/sweep-seul.png]
[sweep.city/wp-content/uploads/2018/04/smile-seul-2.png]
[sweep.city/wp-content/uploads/revslider/app-31/Test.jpg]
[sweep.city/wp-content/uploads/2018/04/phone1.png]
[sweep.city/sweep-espace-pro-vtc/index.html]
[sweep.city/wp-content/uploads/revslider/app-31/app3-slider-2-732x531.jpg]
[sweep.city/wp-content/uploads/2018/04/Page_78-3-e1524037464705.png]
[sweep.city/progressive-web-app-vtc-2/index.html]
[sweep.city/nouveaux-clients-vtc/index.html]
[sweep.city/cgu/index.html]
[sweep.city/wp-content/uploads/revslider/app-32/app3-slider-2.jpg]
[sweep.city/wp-content/uploads/2018/02/masonry-port-18.jpg]
[sweep.city/wp-content/uploads/2018/05/agel-logo2.png]
[sweep.city/wp-content/uploads/2018/01/App-3-home-parallax-img.jpg]
[sweep.city/wp-content/uploads/2018/01/App-4-home-img-phone.jpg]
[sweep.city/wp-content/uploads/2018/05/01-inscrivez-vous.png]
[sweep.city/wp-content/uploads/2018/05/02-photo.png]
[sweep.city/wp-content/uploads/2018/05/03-forfait.png]
[sweep.city/wp-content/uploads/2018/05/04-votre-carte.png]
[sweep.city/wp-content/uploads/2018/05/05-partagez-votre-profile.png]
[sweep.city/wp-content/uploads/2018/05/06-welcom-faites-vous-swepper.png]
[sweep.city/wp-content/uploads/2018/05/pwa.png]
[sweep.city/wp-content/uploads/2018/02/icon-app-google.png]
[sweep.city/wp-content/uploads/2018/02/icon-app-play.png]
[sweep.city/wp-content/plugins/js_composer/assets/lib/bower/animate-css/animate.min8b06.css]
[sweep.city/wp-content/plugins/contact-form-7/includes/js/scriptsce52.js]
[sweep.city/wp-includes/js/jquery/ui/core.mine899.js]
[sweep.city/wp-includes/js/jquery/ui/widget.mine899.js]
[sweep.city/wp-includes/js/jquery/ui/tabs.mine899.js]
[sweep.city/wp-includes/js/jquery/ui/accordion.mine899.js]
[sweep.city/wp-includes/js/mediaelement/wp-mediaelement.min5010.js]
[sweep.city/wp-content/themes/sceon/assets/js/modules/plugins/jquery.appear5010.js]
[sweep.city/wp-content/themes/sceon/assets/js/modules/plugins/modernizr.min5010.js]
[sweep.city/wp-includes/js/hoverIntent.minc245.js]
[sweep.city/wp-content/themes/sceon/assets/js/modules/plugins/jquery.plugin5010.js]
[sweep.city/wp-content/themes/sceon/assets/js/modules/plugins/owl.carousel.min5010.js]
[sweep.city/wp-content/plugins/js_composer/assets/lib/waypoints/waypoints.min8b06.js]
[sweep.city/wp-content/themes/sceon/assets/js/modules/plugins/fluidvids.min5010.js]
[sweep.city/wp-content/plugins/js_composer/assets/lib/prettyphoto/js/jquery.prettyPhoto.min8b06.js]
[sweep.city/wp-content/themes/sceon/assets/js/modules/plugins/perfect-scrollbar.jquery.min5010.js]
[sweep.city/wp-content/themes/sceon/assets/js/modules/plugins/ScrollToPlugin.min5010.js]
[sweep.city/wp-content/themes/sceon/assets/js/modules/plugins/parallax.min5010.js]
[sweep.city/wp-content/themes/sceon/assets/js/modules/plugins/jquery.waitforimages5010.js]
[sweep.city/wp-content/themes/sceon/assets/js/modules/plugins/jquery.easing.1.35010.js]
[sweep.city/wp-content/plugins/js_composer/assets/lib/bower/isotope/dist/isotope.pkgd.min8b06.js]
[sweep.city/wp-content/themes/sceon/assets/js/modules/plugins/packery-mode.pkgd.min5010.js]
[sweep.city/wp-content/themes/sceon/assets/js/modules/plugins/swiper.min5010.js]
[sweep.city/wp-content/themes/sceon/assets/js/modules/plugins/slick.min5010.js]
[sweep.city/wp-content/themes/sceon/assets/js/modules/plugins/jquery.parallax-scroll5010.js]
[sweep.city/wp-content/themes/sceon/assets/js/modules/plugins/jquery.mousewheel.min5010.js]
[sweep.city/wp-content/plugins/eltdf-core/shortcodes/countdown/assets/js/plugins/jquery.countdown.min5010.js]
[sweep.city/wp-content/plugins/eltdf-core/shortcodes/counter/assets/js/plugins/counter5010.js]
[sweep.city/wp-content/plugins/eltdf-core/shortcodes/counter/assets/js/plugins/absoluteCounter.min5010.js]
[sweep.city/wp-content/plugins/eltdf-core/shortcodes/custom-font/assets/js/plugins/typed5010.js]
[sweep.city/wp-content/plugins/eltdf-core/shortcodes/full-screen-sections/assets/js/plugins/jquery.fullPage.min5010.js]
[sweep.city/wp-content/plugins/eltdf-core/shortcodes/pie-chart/assets/js/plugins/easypiechart5010.js]
[sweep.city/wp-content/themes/sceon/assets/js/modules.min5010.js]
[sweep.city/wp-includes/js/wp-embed.min5010.js]
[sweep.city/index.html]
[sweep.city/wp-content/plugins/js_composer/assets/js/dist/js_composer_front.min8b06.js]
[sweep.city/wp-content/plugins/contact-form-7/images/ajax-loader.gif]
[sweep.city/wp-content/plugins/contact-form-7/includes/css/stylesce52.css]
[sweep.city/wp-content/plugins/revslider/public/assets/fonts/revicons/revicons90c6.eot]
[sweep.city/wp-content/plugins/revslider/public/assets/fonts/revicons/revicons90c6.woff]
[sweep.city/wp-content/plugins/revslider/public/assets/fonts/revicons/revicons90c6.ttf]
[sweep.city/wp-content/plugins/revslider/public/assets/assets/gridtile.png]
[sweep.city/wp-content/plugins/revslider/public/assets/assets/gridtile_white.png]
[sweep.city/wp-content/plugins/revslider/public/assets/assets/gridtile_3x3.png]
[sweep.city/wp-content/plugins/revslider/public/assets/assets/gridtile_3x3_white.png]
[sweep.city/wp-content/plugins/revslider/public/assets/assets/coloredbg.png]
[sweep.city/wp-content/plugins/revslider/public/assets/assets/loader.gif]
[sweep.city/wp-content/plugins/revslider/public/assets/css/settings23da.css]
[sweep.city/wp-content/themes/sceon/style5010.css]
[sweep.city/wp-content/themes/sceon/assets/img/preload_pattern.png]
[sweep.city/wp-content/themes/sceon/framework/modules/blog/assets/img/audio/play.png]
[sweep.city/wp-content/themes/sceon/framework/modules/blog/assets/img/audio/pause.png]
[sweep.city/wp-content/themes/sceon/framework/modules/blog/assets/img/audio/stop.png]
[sweep.city/wp-content/themes/sceon/framework/modules/blog/assets/img/audio/sound.png]
[sweep.city/wp-content/themes/sceon/framework/modules/blog/assets/img/audio/mute.png]
[sweep.city/wp-content/plugins/eltdf-core/assets/css/img/frame-slider.png]
[sweep.city/wp-content/themes/sceon/assets/css/modules.min5010.css]
[sweep.city/wp-content/themes/sceon/assets/css/font-awesome/fonts/fontawesome-webfont3e6e.eot]
[sweep.city/wp-content/themes/sceon/assets/css/font-awesome/fonts/fontawesome-webfontd41d.eot]
[sweep.city/wp-content/themes/sceon/assets/css/font-awesome/fonts/fontawesome-webfont3e6e.woff]
[sweep.city/wp-content/themes/sceon/assets/css/font-awesome/fonts/fontawesome-webfont3e6e.ttf]
[sweep.city/wp-content/themes/sceon/assets/css/font-awesome/css/font-awesome.min5010.css]
[sweep.city/wp-content/themes/sceon/assets/css/elegant-icons/fonts/ElegantIcons.eot]
[sweep.city/wp-content/themes/sceon/assets/css/elegant-icons/fonts/ElegantIconsd41d.eot]
[sweep.city/wp-content/themes/sceon/assets/css/elegant-icons/fonts/ElegantIcons.woff]
[sweep.city/wp-content/themes/sceon/assets/css/elegant-icons/fonts/ElegantIcons.ttf]
[sweep.city/wp-content/themes/sceon/assets/css/elegant-icons/style.min5010.css]
[sweep.city/wp-content/themes/sceon/assets/css/ion-icons/fonts/ionicons28b5.eot]
[sweep.city/wp-content/themes/sceon/assets/css/ion-icons/fonts/ionicons28b5.ttf]
[sweep.city/wp-content/themes/sceon/assets/css/ion-icons/fonts/ionicons28b5.woff]
[sweep.city/wp-content/themes/sceon/assets/css/ion-icons/css/ionicons.min5010.css]
[sweep.city/wp-content/themes/sceon/assets/css/linea-icons/arrows/fonts/linea-arrows-10.eot]
[sweep.city/wp-content/themes/sceon/assets/css/linea-icons/arrows/fonts/linea-arrows-10d41d.eot]
[sweep.city/wp-content/themes/sceon/assets/css/linea-icons/arrows/fonts/linea-arrows-10.woff]
[sweep.city/wp-content/themes/sceon/assets/css/linea-icons/arrows/fonts/linea-arrows-10.ttf]
[sweep.city/wp-content/themes/sceon/assets/css/linea-icons/basic/fonts/linea-basic-10.eot]
[sweep.city/wp-content/themes/sceon/assets/css/linea-icons/basic/fonts/linea-basic-10d41d.eot]
[sweep.city/wp-content/themes/sceon/assets/css/linea-icons/basic/fonts/linea-basic-10.woff]
[sweep.city/wp-content/themes/sceon/assets/css/linea-icons/basic/fonts/linea-basic-10.ttf]
[sweep.city/wp-content/themes/sceon/assets/css/linea-icons/basic-elaboration/fonts/linea-basic-elaboration-10.eot]
[sweep.city/wp-content/themes/sceon/assets/css/linea-icons/basic-elaboration/fonts/linea-basic-elaboration-10d41d.eot]
[sweep.city/wp-content/themes/sceon/assets/css/linea-icons/basic-elaboration/fonts/linea-basic-elaboration-10.woff]
[sweep.city/wp-content/themes/sceon/assets/css/linea-icons/basic-elaboration/fonts/linea-basic-elaboration-10.ttf]
[sweep.city/wp-content/themes/sceon/assets/css/linea-icons/ecommerce/fonts/linea-ecommerce-10.eot]
[sweep.city/wp-content/themes/sceon/assets/css/linea-icons/ecommerce/fonts/linea-ecommerce-10d41d.eot]
[sweep.city/wp-content/themes/sceon/assets/css/linea-icons/ecommerce/fonts/linea-ecommerce-10.woff]
[sweep.city/wp-content/themes/sceon/assets/css/linea-icons/ecommerce/fonts/linea-ecommerce-10.ttf]
[sweep.city/wp-content/themes/sceon/assets/css/linea-icons/music/fonts/linea-music-10.eot]
[sweep.city/wp-content/themes/sceon/assets/css/linea-icons/music/fonts/linea-music-10d41d.eot]
[sweep.city/wp-content/themes/sceon/assets/css/linea-icons/music/fonts/linea-music-10.woff]
[sweep.city/wp-content/themes/sceon/assets/css/linea-icons/music/fonts/linea-music-10.ttf]
[sweep.city/wp-content/themes/sceon/assets/css/linea-icons/software/fonts/linea-software-10.eot]
[sweep.city/wp-content/themes/sceon/assets/css/linea-icons/software/fonts/linea-software-10d41d.eot]
[sweep.city/wp-content/themes/sceon/assets/css/linea-icons/software/fonts/linea-software-10.woff]
[sweep.city/wp-content/themes/sceon/assets/css/linea-icons/software/fonts/linea-software-10.ttf]
[sweep.city/wp-content/themes/sceon/assets/css/linea-icons/weather/fonts/linea-weather-10.eot]
[sweep.city/wp-content/themes/sceon/assets/css/linea-icons/weather/fonts/linea-weather-10d41d.eot]
[sweep.city/wp-content/themes/sceon/assets/css/linea-icons/weather/fonts/linea-weather-10.woff]
[sweep.city/wp-content/themes/sceon/assets/css/linea-icons/weather/fonts/linea-weather-10.ttf]
[sweep.city/wp-content/themes/sceon/assets/css/linea-icons/style5010.css]
[sweep.city/wp-content/themes/sceon/assets/css/linear-icons/fonts/Linearicons-Free54e9.eot]
[sweep.city/wp-content/themes/sceon/assets/css/linear-icons/fonts/Linearicons-Freed41d.eot]
[sweep.city/wp-content/themes/sceon/assets/css/linear-icons/fonts/Linearicons-Free54e9.woff]
[sweep.city/wp-content/themes/sceon/assets/css/linear-icons/fonts/Linearicons-Free54e9.ttf]
[sweep.city/wp-content/themes/sceon/assets/css/linear-icons/style5010.css]
[sweep.city/wp-content/themes/sceon/assets/css/simple-line-icons/fonts/Simple-Line-Icons4c82.eot]
[sweep.city/wp-content/themes/sceon/assets/css/simple-line-icons/fonts/Simple-Line-Iconsd41d.eot]
[sweep.city/wp-content/themes/sceon/assets/css/simple-line-icons/fonts/Simple-Line-Icons4c82.ttf]
[sweep.city/wp-content/themes/sceon/assets/css/simple-line-icons/fonts/Simple-Line-Icons4c82.woff]
[sweep.city/wp-content/themes/sceon/assets/css/simple-line-icons/simple-line-icons5010.css]
[sweep.city/wp-content/themes/sceon/assets/css/dripicons/fonts/dripicons-v2.eot]
[sweep.city/wp-content/themes/sceon/assets/css/dripicons/fonts/dripicons-v2d41d.eot]
[sweep.city/wp-content/themes/sceon/assets/css/dripicons/fonts/dripicons-v2.woff]
[sweep.city/wp-content/themes/sceon/assets/css/dripicons/fonts/dripicons-v2.ttf]
[sweep.city/wp-content/themes/sceon/assets/css/dripicons/dripicons5010.css]
[sweep.city/wp-content/themes/sceon/assets/css/material-icons/fonts/MaterialIcons-Regular.eot]
[sweep.city/wp-content/themes/sceon/assets/css/material-icons/fonts/MaterialIcons-Regular.woff]
[sweep.city/wp-content/themes/sceon/assets/css/material-icons/fonts/MaterialIcons-Regular.ttf]
[sweep.city/wp-content/themes/sceon/assets/css/material-icons/style5010.css]
[sweep.city/wp-includes/js/mediaelement/mediaelementplayer-legacy.min45a0.css]
[sweep.city/wp-includes/js/mediaelement/wp-mediaelement.min5010.css]
[sceon.elated-themes.com/wp-content/uploads/2018/01/Error-page-img.jpg]
[sweep.city/wp-content/themes/sceon/assets/css/style_dynamic2c10.css]
[sweep.city/wp-content/themes/sceon/assets/css/modules-responsive.min5010.css]
[sweep.city/wp-content/themes/sceon/assets/css/style_dynamic_responsive2c10.css]
[sweep.city/wp-content/plugins/js_composer/assets/vc/alert.png]
[sweep.city/wp-content/plugins/js_composer/assets/vc/info.png]
[sweep.city/wp-content/plugins/js_composer/assets/vc/tick.png]
[sweep.city/wp-content/plugins/js_composer/assets/vc/exclamation.png]
[sweep.city/wp-content/plugins/js_composer/assets/images/icons/address-book.png]
[sweep.city/wp-content/plugins/js_composer/assets/images/icons/alarm-clock.png]
[sweep.city/wp-content/plugins/js_composer/assets/images/icons/anchor.png]
[sweep.city/wp-content/plugins/js_composer/assets/images/icons/application-image.png]
[sweep.city/wp-content/plugins/js_composer/assets/images/icons/arrow.png]
[sweep.city/wp-content/plugins/js_composer/assets/images/icons/asterisk.png]
[sweep.city/wp-content/plugins/js_composer/assets/images/icons/auction-hammer.png]
[sweep.city/wp-content/plugins/js_composer/assets/images/icons/balloon.png]
[sweep.city/wp-content/plugins/js_composer/assets/images/icons/balloon-buzz.png]
[sweep.city/wp-content/plugins/js_composer/assets/images/icons/balloon-facebook.png]
[sweep.city/wp-content/plugins/js_composer/assets/images/icons/balloon-twitter.png]
[sweep.city/wp-content/plugins/js_composer/assets/images/icons/battery-full.png]
[sweep.city/wp-content/plugins/js_composer/assets/images/icons/binocular.png]
[sweep.city/wp-content/plugins/js_composer/assets/images/icons/blue-document-excel.png]
[sweep.city/wp-content/plugins/js_composer/assets/images/icons/blue-document-image.png]
[sweep.city/wp-content/plugins/js_composer/assets/images/icons/blue-document-music.png]
[sweep.city/wp-content/plugins/js_composer/assets/images/icons/blue-document-office.png]
[sweep.city/wp-content/plugins/js_composer/assets/images/icons/blue-document-pdf.png]
[sweep.city/wp-content/plugins/js_composer/assets/images/icons/blue-document-powerpoint.png]
[sweep.city/wp-content/plugins/js_composer/assets/images/icons/blue-document-word.png]
[sweep.city/wp-content/plugins/js_composer/assets/images/icons/bookmark.png]
[sweep.city/wp-content/plugins/js_composer/assets/images/icons/camcorder.png]
[sweep.city/wp-content/plugins/js_composer/assets/images/icons/camera.png]
[sweep.city/wp-content/plugins/js_composer/assets/images/icons/chart.png]
[sweep.city/wp-content/plugins/js_composer/assets/images/icons/chart-pie.png]
[sweep.city/wp-content/plugins/js_composer/assets/images/icons/clock.png]
[sweep.city/wp-content/plugins/js_composer/assets/images/icons/control.png]
[sweep.city/wp-content/plugins/js_composer/assets/images/icons/fire.png]
[sweep.city/wp-content/plugins/js_composer/assets/images/icons/heart.png]
[sweep.city/wp-content/plugins/js_composer/assets/images/icons/mail.png]
[sweep.city/wp-content/plugins/js_composer/assets/images/icons/plus-shield.png]
[sweep.city/wp-content/plugins/js_composer/assets/images/icons/video.png]
[sweep.city/wp-content/plugins/js_composer/assets/fonts/vc_icons_v2/fonts/vcpb-plugin-icons01aa.ttf]
[sweep.city/wp-content/plugins/js_composer/assets/fonts/vc_icons_v2/fonts/vcpb-plugin-icons01aa.woff]
[sweep.city/wp-content/plugins/js_composer/assets/images/toggle_open.png]
[sweep.city/wp-content/plugins/js_composer/assets/images/toggle_close.png]
[sweep.city/wp-content/plugins/js_composer/assets/images/flickr.png]
[sweep.city/wp-content/plugins/js_composer/assets/fonts/vc_grid/vc_grid_v157a1.eot]
[sweep.city/wp-content/plugins/js_composer/assets/fonts/vc_grid/vc_grid_v1d41d.eot]
[sweep.city/wp-content/plugins/js_composer/assets/fonts/vc_grid/vc_grid_v157a1.woff]
[sweep.city/wp-content/plugins/js_composer/assets/fonts/vc_grid/vc_grid_v157a1.ttf]
[sweep.city/wp-content/plugins/js_composer/assets/images/spinner.gif]
[sweep.city/wp-content/plugins/js_composer/assets/vc/remove.png]
[sweep.city/wp-content/plugins/js_composer/assets/css/js_composer.min8b06.css]
[sweep.city/wp-json/oembed/1.0/embede6a2.json]
[sweep.city/wp-json/oembed/1.0/embeda044]
[sweep.city/wp-content/plugins/revslider/admin/assets/images/transparent.png]
[sweep.city/wp-content/uploads/revslider/appshowcase/object_iphone_1.png]
[sweep.city/wp-content/uploads/2018/05/intro1.4.3.png]
[sweep.city/wp-content/uploads/2018/05/sweepchauffeur.jpg]
[sweep.city/wp-content/uploads/2018/05/ajoutpagedacceuil.jpg]
[sweep.city/wp-content/uploads/2018/05/iconemesclients.png]
[sweep.city/wp-content/uploads/2018/05/mes-chauffeurs.png]
[sweep.city/wp-content/uploads/2018/05/obtenir-la-carte3.png]
[sweep.city/wp-content/uploads/2018/05/partager-un-point-2.png]
[sweep.city/wp-content/uploads/2018/05/new-sweep.jpg]
[sweep.city/wp-content/uploads/2018/05/telexplicatif.png]
[sweep.city/wp-content/uploads/2018/05/telexplicatif2.png]
[sweep.city/wp-content/uploads/2018/05/telios.png]
[sweep.city/wp-content/uploads/2018/05/telicon.png]
[sweep.city/wp-content/uploads/2018/05/telkevin.png]
[sweep.city/wp-content/uploads/2018/05/telmeschauffeurs.png]
[sweep.city/wp-content/uploads/2018/05/newcard.png]
[sweep.city/nouveaux-clients-vtc/index.html]
[sweep.city/wp-content/plugins/revslider/public/assets/fonts/font-awesome/css/font-awesome.css]
[sweep.city/wp-json/oembed/1.0/embed1480.json]
[sweep.city/wp-json/oembed/1.0/embed6209]
[sweep.city/sweep-espace-pro-vtc/index.html]
[sweep.city/wp-content/plugins/js_composer/assets/lib/bower/skrollr/dist/skrollr.min8b06.js]
[sweep.city/wp-json/oembed/1.0/embed7aa9.json]
[sweep.city/wp-json/oembed/1.0/embed60a2]
[sweep.city/progressive-web-app-vtc-2/index.html]
[sweep.city/wp-json/oembed/1.0/embed8f39.json]
[sweep.city/wp-json/oembed/1.0/embed3458]
[sweep.city/cgu/index.html]
[sweep.city/tech-company-3/index.html]
[sweep.city/wp-content/plugins/js_composer/assets/lib/bower/animate-css/animate.min8b06.css]
[sweep.city/wp-content/plugins/revslider/public/assets/fonts/revicons/revicons90c6.svg]
[sweep.city/wp-content/plugins/revslider/public/assets/css/openhand.html]
[sweep.city/wp-content/plugins/revslider/public/assets/css/closedhand.html]
[sweep.city/wp-content/themes/sceon/assets/css/font-awesome/fonts/fontawesome-webfont3e6e.html]
[sweep.city/wp-content/themes/sceon/assets/css/font-awesome/fonts/fontawesome-webfont3e6e.svg]
[sweep.city/wp-content/themes/sceon/assets/css/elegant-icons/fonts/ElegantIcons.svg]
[sweep.city/wp-content/themes/sceon/assets/css/ion-icons/fonts/ionicons28b5.svg]
[sweep.city/wp-content/themes/sceon/assets/css/linea-icons/arrows/fonts/linea-arrows-10.svg]
[sweep.city/wp-content/themes/sceon/assets/css/linea-icons/basic/fonts/linea-basic-10.svg]
[sweep.city/wp-content/themes/sceon/assets/css/linea-icons/basic-elaboration/fonts/linea-basic-elaboration-10.svg]
[sweep.city/wp-content/themes/sceon/assets/css/linea-icons/ecommerce/fonts/linea-ecommerce-10.svg]
[sweep.city/wp-content/themes/sceon/assets/css/linea-icons/music/fonts/linea-music-10.svg]
[sweep.city/wp-content/themes/sceon/assets/css/linea-icons/software/fonts/linea-software-10.svg]
[sweep.city/wp-content/themes/sceon/assets/css/linea-icons/weather/fonts/linea-weather-10.svg]
[sweep.city/wp-content/themes/sceon/assets/css/linear-icons/fonts/Linearicons-Free54e9.html]
[sweep.city/wp-content/themes/sceon/assets/css/linear-icons/fonts/Linearicons-Free54e9.svg]
[sweep.city/wp-content/themes/sceon/assets/css/simple-line-icons/fonts/Simple-Line-Icons4c82.html]
[sweep.city/wp-content/themes/sceon/assets/css/simple-line-icons/fonts/Simple-Line-Icons4c82.svg]
[sweep.city/wp-content/themes/sceon/assets/css/dripicons/fonts/dripicons-v2.svg]
[sweep.city/wp-content/themes/sceon/assets/css/material-icons/fonts/MaterialIcons-Regular.html]
[sweep.city/wp-includes/js/mediaelement/mejs-controls.svg]
[sweep.city/wp-content/plugins/js_composer/assets/fonts/vc_icons_v2/fonts/vcpb-plugin-icons01aa.svg]
[sweep.city/wp-content/plugins/js_composer/assets/fonts/vc_grid/vc_grid_v157a1.svg]
[sweep.city/index8197.html]
[sweep.city/wp-content/plugins/revslider/public/assets/assets/svg/notification/ic_sms_24px.svg]
[sweep.city/wp-content/plugins/revslider/public/assets/assets/svg/communication/ic_mail_outline_24px.svg]
[sweep.city/wp-content/plugins/revslider/public/assets/assets/svg/action/ic_touch_app_24px.svg]
[sweep.city/wp-content/plugins/revslider/public/assets/assets/svg/hardware/ic_smartphone_24px.svg]
[sweep.city/wp-content/plugins/revslider/public/assets/fonts/font-awesome/fonts/fontawesome-webfont3e6e.eot]
[sweep.city/wp-content/plugins/revslider/public/assets/fonts/font-awesome/fonts/fontawesome-webfontd41d.eot]
[sweep.city/wp-content/plugins/revslider/public/assets/fonts/font-awesome/fonts/fontawesome-webfont3e6e.woff]
[sweep.city/wp-content/plugins/revslider/public/assets/fonts/font-awesome/fonts/fontawesome-webfont3e6e.ttf]
[sweep.city/wp-content/plugins/revslider/public/assets/fonts/font-awesome/css/font-awesome.css]
[sweep.city/indexbeb9.html]
[sweep.city/index33bb.html]
[sweep.city/index97c4.html]
[sweep.city/wp-content/plugins/revslider/public/assets/fonts/font-awesome/fonts/fontawesome-webfont3e6e.html]
[sweep.city/wp-content/plugins/revslider/public/assets/fonts/font-awesome/fonts/fontawesome-webfont3e6e.svg]
